>>> MyList = __import__('1-my_list').MyList
>>> my_list.print_sorted()
[]
>>> my_list = MyList([3])
>>> my_list.print_sorted()
[3]
>>> my_list = MyList([3, 1, 2, 3])
>>> my_list.print_sorted()
[1, 2, 3, 3]
>>> my_list.print_sorted()
Traceback (most recent call last):
  File "<stdin>", line 1, in <module>
  File "/home/vagrant/TTD/1-my_list.py", line 14, in print_sorted
    sorted_list = sorted(self)
TypeError: unorderable types: str() < int()
>>> my_list.print_sorted()
Traceback (most recent call last):
  File "<stdin>", line 1, in <module>
  File "/home/vagrant/TTD/1-my_list.py", line 14, in print_sorted
    sorted_list = sorted(self)
TypeError: unorderable types: int() < NoneType()
>>> my_list = MyList(["c", "a", "b", "α", "β"])
>>> my_list.print_sorted()
['a', 'b', 'c', 'α', 'β']
>>> my_list = MyList([[3, 2], [1, 4], [3, 1]])
>>> my_list.print_sorted()
[[1, 4], [3, 1], [3, 2]]
>>> my_list = MyList([-5, -1, -2, -3])
>>> my_list.print_sorted()
[-5, -3, -2, -1]
>>> my_list = MyList([1.6, 0.2, 2.5, 3.2])
>>> my_list.print_sorted()
[0.2, 1.6, 2.5, 3.2]
>>> my_list = MyList([-1.6, 0, 2.5, 3])
>>> my_list.print_sorted()
[-1.6, 0, 2.5, 3]
